[debug] [2025-04-27T10:09:15.731Z] ----------------------------------------------------------------------
[debug] [2025-04-27T10:09:15.734Z] Command:       /nix/store/56fk3hhkk2lw9q5wdlq0v1ns65scwja4-nodejs-20.19.0/bin/node /home/user/.global_modules/bin/firebase init
[debug] [2025-04-27T10:09:15.734Z] CLI Version:   14.2.1
[debug] [2025-04-27T10:09:15.735Z] Platform:      linux
[debug] [2025-04-27T10:09:15.735Z] Node Version:  v20.19.0
[debug] [2025-04-27T10:09:15.735Z] Time:          Sun Apr 27 2025 10:09:15 GMT+0000 (Coordinated Universal Time)
[debug] [2025-04-27T10:09:15.735Z] ----------------------------------------------------------------------
[debug] 
[debug] [2025-04-27T10:09:15.741Z] > command requires scopes: ["email","openid","https://www.googleapis.com/auth/cloudplatformprojects.readonly","https://www.googleapis.com/auth/firebase","https://www.googleapis.com/auth/cloud-platform"]
[debug] [2025-04-27T10:09:15.742Z] > authorizing via signed-in user (rajdeepsaha626@gmail.com)
[info] 
     ######## #### ########  ######## ########     ###     ######  ########
     ##        ##  ##     ## ##       ##     ##  ##   ##  ##       ##
     ######    ##  ########  ######   ########  #########  ######  ######
     ##        ##  ##    ##  ##       ##     ## ##     ##       ## ##
     ##       #### ##     ## ######## ########  ##     ##  ######  ########

You're about to initialize a Firebase project in this directory:

  /home/user/studio

[info] 
=== Project Setup
[info] 
[info] First, let's associate this project directory with a Firebase project.
[info] You can create multiple project aliases by running firebase use --add, 
[info] but for now we'll just set up a default project.
[info] 
[debug] [2025-04-27T10:09:32.690Z] No OAuth tokens found
[debug] [2025-04-27T10:09:32.695Z] No OAuth tokens found
[debug] [2025-04-27T10:09:32.696Z] > command requires scopes: ["email","openid","https://www.googleapis.com/auth/cloudplatformprojects.readonly","https://www.googleapis.com/auth/firebase","https://www.googleapis.com/auth/cloud-platform"]
[debug] [2025-04-27T10:09:32.697Z] > authorizing via signed-in user (rajdeepsaha626@gmail.com)
[debug] [2025-04-27T10:09:32.711Z] >>> [apiv2][query] GET https://firebase.googleapis.com/v1beta1/projects pageSize=100
[debug] [2025-04-27T10:09:33.405Z] <<< [apiv2][status] GET https://firebase.googleapis.com/v1beta1/projects 200
[debug] [2025-04-27T10:09:33.405Z] <<< [apiv2][body] GET https://firebase.googleapis.com/v1beta1/projects [omitted]
[info] i  Using project connectpro-p47uv (ConnectPro) 
[info] 
=== Dataconnect Setup
[debug] [2025-04-27T10:09:34.811Z] No OAuth tokens found
[debug] [2025-04-27T10:09:34.811Z] No OAuth tokens found
[debug] [2025-04-27T10:09:34.811Z] > command requires scopes: ["email","openid","https://www.googleapis.com/auth/cloudplatformprojects.readonly","https://www.googleapis.com/auth/firebase","https://www.googleapis.com/auth/cloud-platform"]
[debug] [2025-04-27T10:09:34.812Z] > authorizing via signed-in user (rajdeepsaha626@gmail.com)
[debug] [2025-04-27T10:09:34.812Z] >>> [apiv2][query] GET https://cloudbilling.googleapis.com/v1/projects/connectpro-p47uv/billingInfo [none]
[debug] [2025-04-27T10:09:35.788Z] <<< [apiv2][status] GET https://cloudbilling.googleapis.com/v1/projects/connectpro-p47uv/billingInfo 200
[debug] [2025-04-27T10:09:35.789Z] <<< [apiv2][body] GET https://cloudbilling.googleapis.com/v1/projects/connectpro-p47uv/billingInfo {"name":"projects/connectpro-p47uv/billingInfo","projectId":"connectpro-p47uv","billingAccountName":"","billingEnabled":false}
[info] i  dataconnect: ensuring required API sqladmin.googleapis.com is enabled... 
[debug] [2025-04-27T10:09:35.790Z] No OAuth tokens found
[debug] [2025-04-27T10:09:35.791Z] No OAuth tokens found
[debug] [2025-04-27T10:09:35.791Z] > command requires scopes: ["email","openid","https://www.googleapis.com/auth/cloudplatformprojects.readonly","https://www.googleapis.com/auth/firebase","https://www.googleapis.com/auth/cloud-platform"]
[debug] [2025-04-27T10:09:35.794Z] > authorizing via signed-in user (rajdeepsaha626@gmail.com)
[debug] [2025-04-27T10:09:35.794Z] >>> [apiv2][query] GET https://serviceusage.googleapis.com/v1/projects/connectpro-p47uv/services/sqladmin.googleapis.com [none]
[debug] [2025-04-27T10:09:35.794Z] >>> [apiv2][(partial)header] GET https://serviceusage.googleapis.com/v1/projects/connectpro-p47uv/services/sqladmin.googleapis.com x-goog-quota-user=projects/connectpro-p47uv
[debug] [2025-04-27T10:09:36.847Z] <<< [apiv2][status] GET https://serviceusage.googleapis.com/v1/projects/connectpro-p47uv/services/sqladmin.googleapis.com 200
[debug] [2025-04-27T10:09:36.850Z] <<< [apiv2][body] GET https://serviceusage.googleapis.com/v1/projects/connectpro-p47uv/services/sqladmin.googleapis.com [omitted]
[info] ✔  dataconnect: required API sqladmin.googleapis.com is enabled 
[info] i  dataconnect/dataconnect.yaml is unchanged 
[info] i  dataconnect/schema/schema.gql is unchanged 
[info] ✔  Wrote dataconnect/connector/connector.yaml 
[info] i  dataconnect/connector/queries.gql is unchanged 
[info] i  dataconnect/connector/mutations.gql is unchanged 
[info] ✔  Detected WEB app in directory /home/user/studio 
[info] i  Detected react app. Enabling react generated SDKs. 
[info] i  Writing your new SDK configuration to /home/user/studio/dataconnect/connector/connector.yaml 
[info] ✔  Wrote dataconnect/connector/connector.yaml 
[info] I0427 10:09:50.009061   14381 codegen.go:82] [connector "default" javascriptSdk] Generating sources into "/home/user/studio/dataconnect-generated/js/default-connector"
I0427 10:09:50.021717   14381 generate.go:40] Generated all sources. Writing them to disk...
I0427 10:09:50.068461   14381 collector.go:107] connector "default" javascriptSdk wrote into "/home/user/studio/dataconnect-generated/js/default-connector"
Generated sources: esm/package.json [17B] README.md [2774B] react/README.md [5417B] angular/index.d.ts [0B] angular/esm/package.json [17B] angular/index.cjs.js [1B] index.d.ts [246B] package.json [1110B] react/esm/package.json [17B] angular/package.json [661B] index.cjs.js [144B] react/index.d.ts [228B] react/index.cjs.js [0B] esm/index.esm.js [109B] react/esm/index.esm.js [0B] angular/esm/index.esm.js [0B] react/package.json [468B] 
I0427 10:09:50.074789   14381 installsdk.go:49] Package @firebasegen/default-connector is already installed. Skipping installation

[info] i  Generated SDK code for default 
[info] i  Visit https://firebase.google.com/docs/data-connect/web-sdk#react for more information on how to set up React Generated SDKs for Firebase Data Connect 
[info] i  Run `npm i --save @angular/fire @tanstack-query-firebase/angular @tanstack/angular-query-experimental` to install angular sdk dependencies.
Visit https://github.com/invertase/tanstack-query-firebase/tree/main/packages/angular for more information on how to set up Angular Generated SDKs for Firebase Data Connect 
[info] ✔  If you'd like to add more generated SDKs to your app your later, run firebase init dataconnect:sdk again 
[info] i  If you'd like to provision a CloudSQL Postgres instance on the Firebase Data Connect no-cost trial:
1. Please upgrade to the pay-as-you-go (Blaze) billing plan. Visit the following page:
     https://console.firebase.google.com/project/connectpro-p47uv/usage/details
2. Run firebase init dataconnect again to configure the Cloud SQL instance.
3. Run firebase deploy --only dataconnect to deploy your Data Connect service. 
[info] 
=== Firestore Setup
[debug] [2025-04-27T10:09:50.096Z] No OAuth tokens found
[debug] [2025-04-27T10:09:50.096Z] No OAuth tokens found
[debug] [2025-04-27T10:09:50.096Z] > command requires scopes: ["email","openid","https://www.googleapis.com/auth/cloudplatformprojects.readonly","https://www.googleapis.com/auth/firebase","https://www.googleapis.com/auth/cloud-platform"]
[debug] [2025-04-27T10:09:50.096Z] > authorizing via signed-in user (rajdeepsaha626@gmail.com)
[debug] [2025-04-27T10:09:50.097Z] >>> [apiv2][query] GET https://serviceusage.googleapis.com/v1/projects/connectpro-p47uv/services/firestore.googleapis.com [none]
[debug] [2025-04-27T10:09:50.097Z] >>> [apiv2][(partial)header] GET https://serviceusage.googleapis.com/v1/projects/connectpro-p47uv/services/firestore.googleapis.com x-goog-quota-user=projects/connectpro-p47uv
[debug] [2025-04-27T10:09:51.135Z] <<< [apiv2][status] GET https://serviceusage.googleapis.com/v1/projects/connectpro-p47uv/services/firestore.googleapis.com 200
[debug] [2025-04-27T10:09:51.135Z] <<< [apiv2][body] GET https://serviceusage.googleapis.com/v1/projects/connectpro-p47uv/services/firestore.googleapis.com [omitted]
[debug] [2025-04-27T10:09:51.136Z] No OAuth tokens found
[debug] [2025-04-27T10:09:51.137Z] No OAuth tokens found
[debug] [2025-04-27T10:09:51.137Z] > command requires scopes: ["email","openid","https://www.googleapis.com/auth/cloudplatformprojects.readonly","https://www.googleapis.com/auth/firebase","https://www.googleapis.com/auth/cloud-platform"]
[debug] [2025-04-27T10:09:51.137Z] > authorizing via signed-in user (rajdeepsaha626@gmail.com)
[debug] [2025-04-27T10:09:51.137Z] >>> [apiv2][query] GET https://firestore.googleapis.com/v1/projects/connectpro-p47uv/databases/(default) [none]
[debug] [2025-04-27T10:09:51.882Z] <<< [apiv2][status] GET https://firestore.googleapis.com/v1/projects/connectpro-p47uv/databases/(default) 200
[debug] [2025-04-27T10:09:51.882Z] <<< [apiv2][body] GET https://firestore.googleapis.com/v1/projects/connectpro-p47uv/databases/(default) {"name":"projects/connectpro-p47uv/databases/(default)","uid":"bf17c8f2-508b-4d6e-a2e0-b635d8fc4f88","createTime":"2025-04-27T09:49:24.121594Z","updateTime":"2025-04-27T09:49:24.121594Z","locationId":"asia-south1","type":"FIRESTORE_NATIVE","concurrencyMode":"PESSIMISTIC","versionRetentionPeriod":"3600s","earliestVersionTime":"2025-04-27T09:49:24.121594Z","appEngineIntegrationMode":"DISABLED","keyPrefix":"j","pointInTimeRecoveryEnablement":"POINT_IN_TIME_RECOVERY_DISABLED","deleteProtectionState":"DELETE_PROTECTION_DISABLED","databaseEdition":"STANDARD","freeTier":true,"etag":"IMi1u6X894wDMOvp+Kv494wD"}
[debug] [2025-04-27T10:09:51.885Z] database_type: FIRESTORE_NATIVE
[debug] [2025-04-27T10:09:51.885Z] database_type: FIRESTORE_NATIVE
[debug] [2025-04-27T10:09:51.886Z] > command requires scopes: ["email","openid","https://www.googleapis.com/auth/cloudplatformprojects.readonly","https://www.googleapis.com/auth/firebase","https://www.googleapis.com/auth/cloud-platform"]
[debug] [2025-04-27T10:09:51.889Z] > authorizing via signed-in user (rajdeepsaha626@gmail.com)
[debug] [2025-04-27T10:09:51.889Z] [iam] checking project connectpro-p47uv for permissions ["firebase.projects.get"]
[debug] [2025-04-27T10:09:51.890Z] No OAuth tokens found
[debug] [2025-04-27T10:09:51.890Z] No OAuth tokens found
[debug] [2025-04-27T10:09:51.891Z] > command requires scopes: ["email","openid","https://www.googleapis.com/auth/cloudplatformprojects.readonly","https://www.googleapis.com/auth/firebase","https://www.googleapis.com/auth/cloud-platform"]
[debug] [2025-04-27T10:09:51.894Z] > authorizing via signed-in user (rajdeepsaha626@gmail.com)
[debug] [2025-04-27T10:09:51.894Z] >>> [apiv2][query] POST https://cloudresourcemanager.googleapis.com/v1/projects/connectpro-p47uv:testIamPermissions [none]
[debug] [2025-04-27T10:09:51.894Z] >>> [apiv2][(partial)header] POST https://cloudresourcemanager.googleapis.com/v1/projects/connectpro-p47uv:testIamPermissions x-goog-quota-user=projects/connectpro-p47uv
[debug] [2025-04-27T10:09:51.894Z] >>> [apiv2][body] POST https://cloudresourcemanager.googleapis.com/v1/projects/connectpro-p47uv:testIamPermissions {"permissions":["firebase.projects.get"]}
[debug] [2025-04-27T10:09:52.071Z] <<< [apiv2][status] POST https://cloudresourcemanager.googleapis.com/v1/projects/connectpro-p47uv:testIamPermissions 200
[debug] [2025-04-27T10:09:52.072Z] <<< [apiv2][body] POST https://cloudresourcemanager.googleapis.com/v1/projects/connectpro-p47uv:testIamPermissions {"permissions":["firebase.projects.get"]}
[info] 
[info] Firestore Security Rules allow you to define how and when to allow
[info] requests. You can keep these rules in your project directory
[info] and publish them with firebase deploy.
[info] 
[debug] [2025-04-27T10:09:56.298Z] No OAuth tokens found
[debug] [2025-04-27T10:09:56.302Z] No OAuth tokens found
[debug] [2025-04-27T10:09:56.302Z] > command requires scopes: ["email","openid","https://www.googleapis.com/auth/cloudplatformprojects.readonly","https://www.googleapis.com/auth/firebase","https://www.googleapis.com/auth/cloud-platform"]
[debug] [2025-04-27T10:09:56.312Z] > authorizing via signed-in user (rajdeepsaha626@gmail.com)
[debug] [2025-04-27T10:09:56.312Z] >>> [apiv2][query] GET https://firebaserules.googleapis.com/v1/projects/connectpro-p47uv/releases pageSize=10&pageToken=
[debug] [2025-04-27T10:09:57.339Z] <<< [apiv2][status] GET https://firebaserules.googleapis.com/v1/projects/connectpro-p47uv/releases 200
[debug] [2025-04-27T10:09:57.343Z] <<< [apiv2][body] GET https://firebaserules.googleapis.com/v1/projects/connectpro-p47uv/releases {"releases":[{"name":"projects/connectpro-p47uv/releases/cloud.firestore","rulesetName":"projects/connectpro-p47uv/rulesets/e46be6bb-a5b5-4498-b228-644ec0595406","createTime":"2025-04-27T09:49:32.454054Z","updateTime":"2025-04-27T09:49:32.454054Z"}]}
[debug] [2025-04-27T10:09:57.343Z] Found ruleset: projects/connectpro-p47uv/rulesets/e46be6bb-a5b5-4498-b228-644ec0595406
[debug] [2025-04-27T10:09:57.344Z] No OAuth tokens found
[debug] [2025-04-27T10:09:57.344Z] No OAuth tokens found
[debug] [2025-04-27T10:09:57.344Z] > command requires scopes: ["email","openid","https://www.googleapis.com/auth/cloudplatformprojects.readonly","https://www.googleapis.com/auth/firebase","https://www.googleapis.com/auth/cloud-platform"]
[debug] [2025-04-27T10:09:57.345Z] > authorizing via signed-in user (rajdeepsaha626@gmail.com)
[debug] [2025-04-27T10:09:57.350Z] >>> [apiv2][query] GET https://firebaserules.googleapis.com/v1/projects/connectpro-p47uv/rulesets/e46be6bb-a5b5-4498-b228-644ec0595406 [none]
[debug] [2025-04-27T10:09:58.298Z] <<< [apiv2][status] GET https://firebaserules.googleapis.com/v1/projects/connectpro-p47uv/rulesets/e46be6bb-a5b5-4498-b228-644ec0595406 200
[debug] [2025-04-27T10:09:58.299Z] <<< [apiv2][body] GET https://firebaserules.googleapis.com/v1/projects/connectpro-p47uv/rulesets/e46be6bb-a5b5-4498-b228-644ec0595406 [omitted]
[debug] [2025-04-27T10:09:58.331Z] Error: EISDIR: illegal operation on a directory, open '/home/user/studio/y'
    at Object.writeFileSync (node:fs:2368:20)
    at Object.createFileSync (/home/user/.global_modules/lib/node_modules/firebase-tools/node_modules/fs-extra/lib/ensure/file.js:63:6)
    at Config.writeProjectFile (/home/user/.global_modules/lib/node_modules/firebase-tools/lib/config.js:162:12)
    at /home/user/.global_modules/lib/node_modules/firebase-tools/lib/init/features/firestore/rules.js:50:27
    at process.processTicksAndRejections (node:internal/process/task_queues:95:5)
    at async doSetup (/home/user/.global_modules/lib/node_modules/firebase-tools/lib/init/features/firestore/index.js:52:5)
    at async init (/home/user/.global_modules/lib/node_modules/firebase-tools/lib/init/index.js:41:9)
[error] 
[error] Error: An unexpected error has occurred.
[debug] [2025-04-27T10:10:15.657Z] ----------------------------------------------------------------------
[debug] [2025-04-27T10:10:15.683Z] Command:       /nix/store/56fk3hhkk2lw9q5wdlq0v1ns65scwja4-nodejs-20.19.0/bin/node /home/user/.global_modules/bin/firebase init
[debug] [2025-04-27T10:10:15.684Z] CLI Version:   14.2.1
[debug] [2025-04-27T10:10:15.684Z] Platform:      linux
[debug] [2025-04-27T10:10:15.684Z] Node Version:  v20.19.0
[debug] [2025-04-27T10:10:15.684Z] Time:          Sun Apr 27 2025 10:10:15 GMT+0000 (Coordinated Universal Time)
[debug] [2025-04-27T10:10:15.685Z] ----------------------------------------------------------------------
[debug] 
[debug] [2025-04-27T10:10:15.691Z] > command requires scopes: ["email","openid","https://www.googleapis.com/auth/cloudplatformprojects.readonly","https://www.googleapis.com/auth/firebase","https://www.googleapis.com/auth/cloud-platform"]
[debug] [2025-04-27T10:10:15.692Z] > authorizing via signed-in user (rajdeepsaha626@gmail.com)
[info] 
     ######## #### ########  ######## ########     ###     ######  ########
     ##        ##  ##     ## ##       ##     ##  ##   ##  ##       ##
     ######    ##  ########  ######   ########  #########  ######  ######
     ##        ##  ##    ##  ##       ##     ## ##     ##       ## ##
     ##       #### ##     ## ######## ########  ##     ##  ######  ########

You're about to initialize a Firebase project in this directory:

  /home/user/studio

[info] 
=== Project Setup
[info] 
[info] First, let's associate this project directory with a Firebase project.
[info] You can create multiple project aliases by running firebase use --add, 
[info] but for now we'll just set up a default project.
[info] 
[debug] [2025-04-27T10:10:31.067Z] No OAuth tokens found
[debug] [2025-04-27T10:10:31.068Z] No OAuth tokens found
[debug] [2025-04-27T10:10:31.068Z] > command requires scopes: ["email","openid","https://www.googleapis.com/auth/cloudplatformprojects.readonly","https://www.googleapis.com/auth/firebase","https://www.googleapis.com/auth/cloud-platform"]
[debug] [2025-04-27T10:10:31.068Z] > authorizing via signed-in user (rajdeepsaha626@gmail.com)
[debug] [2025-04-27T10:10:31.071Z] >>> [apiv2][query] GET https://firebase.googleapis.com/v1beta1/projects pageSize=100
[debug] [2025-04-27T10:10:31.570Z] <<< [apiv2][status] GET https://firebase.googleapis.com/v1beta1/projects 200
[debug] [2025-04-27T10:10:31.571Z] <<< [apiv2][body] GET https://firebase.googleapis.com/v1beta1/projects [omitted]
[info] i  Using project connectpro-p47uv (ConnectPro) 
[info] 
=== Dataconnect Setup
[debug] [2025-04-27T10:10:32.411Z] No OAuth tokens found
[debug] [2025-04-27T10:10:32.412Z] No OAuth tokens found
[debug] [2025-04-27T10:10:32.414Z] > command requires scopes: ["email","openid","https://www.googleapis.com/auth/cloudplatformprojects.readonly","https://www.googleapis.com/auth/firebase","https://www.googleapis.com/auth/cloud-platform"]
[debug] [2025-04-27T10:10:32.414Z] > authorizing via signed-in user (rajdeepsaha626@gmail.com)
[debug] [2025-04-27T10:10:32.415Z] >>> [apiv2][query] GET https://cloudbilling.googleapis.com/v1/projects/connectpro-p47uv/billingInfo [none]
[debug] [2025-04-27T10:10:32.624Z] <<< [apiv2][status] GET https://cloudbilling.googleapis.com/v1/projects/connectpro-p47uv/billingInfo 200
[debug] [2025-04-27T10:10:32.628Z] <<< [apiv2][body] GET https://cloudbilling.googleapis.com/v1/projects/connectpro-p47uv/billingInfo {"name":"projects/connectpro-p47uv/billingInfo","projectId":"connectpro-p47uv","billingAccountName":"","billingEnabled":false}
[info] i  dataconnect: ensuring required API sqladmin.googleapis.com is enabled... 
[debug] [2025-04-27T10:10:32.630Z] No OAuth tokens found
[debug] [2025-04-27T10:10:32.630Z] No OAuth tokens found
[debug] [2025-04-27T10:10:32.630Z] > command requires scopes: ["email","openid","https://www.googleapis.com/auth/cloudplatformprojects.readonly","https://www.googleapis.com/auth/firebase","https://www.googleapis.com/auth/cloud-platform"]
[debug] [2025-04-27T10:10:32.630Z] > authorizing via signed-in user (rajdeepsaha626@gmail.com)
[debug] [2025-04-27T10:10:32.630Z] >>> [apiv2][query] GET https://serviceusage.googleapis.com/v1/projects/connectpro-p47uv/services/sqladmin.googleapis.com [none]
[debug] [2025-04-27T10:10:32.630Z] >>> [apiv2][(partial)header] GET https://serviceusage.googleapis.com/v1/projects/connectpro-p47uv/services/sqladmin.googleapis.com x-goog-quota-user=projects/connectpro-p47uv
[debug] [2025-04-27T10:10:33.656Z] <<< [apiv2][status] GET https://serviceusage.googleapis.com/v1/projects/connectpro-p47uv/services/sqladmin.googleapis.com 200
[debug] [2025-04-27T10:10:33.656Z] <<< [apiv2][body] GET https://serviceusage.googleapis.com/v1/projects/connectpro-p47uv/services/sqladmin.googleapis.com [omitted]
[info] ✔  dataconnect: required API sqladmin.googleapis.com is enabled 
[info] i  dataconnect/dataconnect.yaml is unchanged 
[info] i  dataconnect/schema/schema.gql is unchanged 
[info] ✔  Wrote dataconnect/connector/connector.yaml 
[info] i  dataconnect/connector/queries.gql is unchanged 
[info] i  dataconnect/connector/mutations.gql is unchanged 
[info] ✔  Detected WEB app in directory /home/user/studio 
[info] i  Detected react app. Enabling react generated SDKs. 
[info] i  Writing your new SDK configuration to /home/user/studio/dataconnect/connector/connector.yaml 
[info] ✔  Wrote dataconnect/connector/connector.yaml 
[info] I0427 10:10:41.575944   14714 codegen.go:82] [connector "default" javascriptSdk] Generating sources into "/home/user/studio/dataconnect-generated/js/default-connector"
I0427 10:10:41.591144   14714 generate.go:40] Generated all sources. Writing them to disk...
I0427 10:10:41.594880   14714 collector.go:107] connector "default" javascriptSdk wrote into "/home/user/studio/dataconnect-generated/js/default-connector"
Generated sources: esm/package.json [17B] package.json [1110B] react/esm/package.json [17B] react/esm/index.esm.js [0B] react/README.md [5417B] angular/index.d.ts [0B] angular/index.cjs.js [1B] index.d.ts [246B] index.cjs.js [144B] README.md [2774B] react/index.d.ts [228B] react/index.cjs.js [0B] esm/index.esm.js [109B] react/package.json [468B] angular/package.json [661B] angular/esm/package.json [17B] angular/esm/index.esm.js [0B] 
I0427 10:10:41.599164   14714 installsdk.go:49] Package @firebasegen/default-connector is already installed. Skipping installation

[info] i  Generated SDK code for default 
[info] i  Visit https://firebase.google.com/docs/data-connect/web-sdk#react for more information on how to set up React Generated SDKs for Firebase Data Connect 
[info] i  Run `npm i --save @angular/fire @tanstack-query-firebase/angular @tanstack/angular-query-experimental` to install angular sdk dependencies.
Visit https://github.com/invertase/tanstack-query-firebase/tree/main/packages/angular for more information on how to set up Angular Generated SDKs for Firebase Data Connect 
[info] ✔  If you'd like to add more generated SDKs to your app your later, run firebase init dataconnect:sdk again 
[info] i  If you'd like to provision a CloudSQL Postgres instance on the Firebase Data Connect no-cost trial:
1. Please upgrade to the pay-as-you-go (Blaze) billing plan. Visit the following page:
     https://console.firebase.google.com/project/connectpro-p47uv/usage/details
2. Run firebase init dataconnect again to configure the Cloud SQL instance.
3. Run firebase deploy --only dataconnect to deploy your Data Connect service. 
[info] 
=== Firestore Setup
[debug] [2025-04-27T10:10:41.616Z] No OAuth tokens found
[debug] [2025-04-27T10:10:41.616Z] No OAuth tokens found
[debug] [2025-04-27T10:10:41.616Z] > command requires scopes: ["email","openid","https://www.googleapis.com/auth/cloudplatformprojects.readonly","https://www.googleapis.com/auth/firebase","https://www.googleapis.com/auth/cloud-platform"]
[debug] [2025-04-27T10:10:41.616Z] > authorizing via signed-in user (rajdeepsaha626@gmail.com)
[debug] [2025-04-27T10:10:41.620Z] >>> [apiv2][query] GET https://serviceusage.googleapis.com/v1/projects/connectpro-p47uv/services/firestore.googleapis.com [none]
[debug] [2025-04-27T10:10:41.620Z] >>> [apiv2][(partial)header] GET https://serviceusage.googleapis.com/v1/projects/connectpro-p47uv/services/firestore.googleapis.com x-goog-quota-user=projects/connectpro-p47uv
[debug] [2025-04-27T10:10:42.664Z] <<< [apiv2][status] GET https://serviceusage.googleapis.com/v1/projects/connectpro-p47uv/services/firestore.googleapis.com 200
[debug] [2025-04-27T10:10:42.664Z] <<< [apiv2][body] GET https://serviceusage.googleapis.com/v1/projects/connectpro-p47uv/services/firestore.googleapis.com [omitted]
[debug] [2025-04-27T10:10:42.668Z] No OAuth tokens found
[debug] [2025-04-27T10:10:42.668Z] No OAuth tokens found
[debug] [2025-04-27T10:10:42.668Z] > command requires scopes: ["email","openid","https://www.googleapis.com/auth/cloudplatformprojects.readonly","https://www.googleapis.com/auth/firebase","https://www.googleapis.com/auth/cloud-platform"]
[debug] [2025-04-27T10:10:42.668Z] > authorizing via signed-in user (rajdeepsaha626@gmail.com)
[debug] [2025-04-27T10:10:42.669Z] >>> [apiv2][query] GET https://firestore.googleapis.com/v1/projects/connectpro-p47uv/databases/(default) [none]
[debug] [2025-04-27T10:10:43.407Z] <<< [apiv2][status] GET https://firestore.googleapis.com/v1/projects/connectpro-p47uv/databases/(default) 200
[debug] [2025-04-27T10:10:43.407Z] <<< [apiv2][body] GET https://firestore.googleapis.com/v1/projects/connectpro-p47uv/databases/(default) {"name":"projects/connectpro-p47uv/databases/(default)","uid":"bf17c8f2-508b-4d6e-a2e0-b635d8fc4f88","createTime":"2025-04-27T09:49:24.121594Z","updateTime":"2025-04-27T09:49:24.121594Z","locationId":"asia-south1","type":"FIRESTORE_NATIVE","concurrencyMode":"PESSIMISTIC","versionRetentionPeriod":"3600s","earliestVersionTime":"2025-04-27T09:49:24.121594Z","appEngineIntegrationMode":"DISABLED","keyPrefix":"j","pointInTimeRecoveryEnablement":"POINT_IN_TIME_RECOVERY_DISABLED","deleteProtectionState":"DELETE_PROTECTION_DISABLED","databaseEdition":"STANDARD","freeTier":true,"etag":"IK2uhL7894wDMOvp+Kv494wD"}
[debug] [2025-04-27T10:10:43.407Z] database_type: FIRESTORE_NATIVE
[debug] [2025-04-27T10:10:43.408Z] database_type: FIRESTORE_NATIVE
[debug] [2025-04-27T10:10:43.409Z] > command requires scopes: ["email","openid","https://www.googleapis.com/auth/cloudplatformprojects.readonly","https://www.googleapis.com/auth/firebase","https://www.googleapis.com/auth/cloud-platform"]
[debug] [2025-04-27T10:10:43.411Z] > authorizing via signed-in user (rajdeepsaha626@gmail.com)
[debug] [2025-04-27T10:10:43.411Z] [iam] checking project connectpro-p47uv for permissions ["firebase.projects.get"]
[debug] [2025-04-27T10:10:43.412Z] No OAuth tokens found
[debug] [2025-04-27T10:10:43.412Z] No OAuth tokens found
[debug] [2025-04-27T10:10:43.412Z] > command requires scopes: ["email","openid","https://www.googleapis.com/auth/cloudplatformprojects.readonly","https://www.googleapis.com/auth/firebase","https://www.googleapis.com/auth/cloud-platform"]
[debug] [2025-04-27T10:10:43.413Z] > authorizing via signed-in user (rajdeepsaha626@gmail.com)
[debug] [2025-04-27T10:10:43.415Z] >>> [apiv2][query] POST https://cloudresourcemanager.googleapis.com/v1/projects/connectpro-p47uv:testIamPermissions [none]
[debug] [2025-04-27T10:10:43.415Z] >>> [apiv2][(partial)header] POST https://cloudresourcemanager.googleapis.com/v1/projects/connectpro-p47uv:testIamPermissions x-goog-quota-user=projects/connectpro-p47uv
[debug] [2025-04-27T10:10:43.415Z] >>> [apiv2][body] POST https://cloudresourcemanager.googleapis.com/v1/projects/connectpro-p47uv:testIamPermissions {"permissions":["firebase.projects.get"]}
[debug] [2025-04-27T10:10:44.183Z] <<< [apiv2][status] POST https://cloudresourcemanager.googleapis.com/v1/projects/connectpro-p47uv:testIamPermissions 200
[debug] [2025-04-27T10:10:44.186Z] <<< [apiv2][body] POST https://cloudresourcemanager.googleapis.com/v1/projects/connectpro-p47uv:testIamPermissions {"permissions":["firebase.projects.get"]}
[info] 
[info] Firestore Security Rules allow you to define how and when to allow
[info] requests. You can keep these rules in your project directory
[info] and publish them with firebase deploy.
[info] 
[debug] [2025-04-27T10:10:48.194Z] No OAuth tokens found
[debug] [2025-04-27T10:10:48.194Z] No OAuth tokens found
[debug] [2025-04-27T10:10:48.194Z] > command requires scopes: ["email","openid","https://www.googleapis.com/auth/cloudplatformprojects.readonly","https://www.googleapis.com/auth/firebase","https://www.googleapis.com/auth/cloud-platform"]
[debug] [2025-04-27T10:10:48.195Z] > authorizing via signed-in user (rajdeepsaha626@gmail.com)
[debug] [2025-04-27T10:10:48.195Z] >>> [apiv2][query] GET https://firebaserules.googleapis.com/v1/projects/connectpro-p47uv/releases pageSize=10&pageToken=
[debug] [2025-04-27T10:10:49.241Z] <<< [apiv2][status] GET https://firebaserules.googleapis.com/v1/projects/connectpro-p47uv/releases 200
[debug] [2025-04-27T10:10:49.246Z] <<< [apiv2][body] GET https://firebaserules.googleapis.com/v1/projects/connectpro-p47uv/releases {"releases":[{"name":"projects/connectpro-p47uv/releases/cloud.firestore","rulesetName":"projects/connectpro-p47uv/rulesets/e46be6bb-a5b5-4498-b228-644ec0595406","createTime":"2025-04-27T09:49:32.454054Z","updateTime":"2025-04-27T09:49:32.454054Z"}]}
[debug] [2025-04-27T10:10:49.248Z] Found ruleset: projects/connectpro-p47uv/rulesets/e46be6bb-a5b5-4498-b228-644ec0595406
[debug] [2025-04-27T10:10:49.257Z] No OAuth tokens found
[debug] [2025-04-27T10:10:49.257Z] No OAuth tokens found
[debug] [2025-04-27T10:10:49.257Z] > command requires scopes: ["email","openid","https://www.googleapis.com/auth/cloudplatformprojects.readonly","https://www.googleapis.com/auth/firebase","https://www.googleapis.com/auth/cloud-platform"]
[debug] [2025-04-27T10:10:49.258Z] > authorizing via signed-in user (rajdeepsaha626@gmail.com)
[debug] [2025-04-27T10:10:49.258Z] >>> [apiv2][query] GET https://firebaserules.googleapis.com/v1/projects/connectpro-p47uv/rulesets/e46be6bb-a5b5-4498-b228-644ec0595406 [none]
[debug] [2025-04-27T10:10:50.219Z] <<< [apiv2][status] GET https://firebaserules.googleapis.com/v1/projects/connectpro-p47uv/rulesets/e46be6bb-a5b5-4498-b228-644ec0595406 200
[debug] [2025-04-27T10:10:50.223Z] <<< [apiv2][body] GET https://firebaserules.googleapis.com/v1/projects/connectpro-p47uv/rulesets/e46be6bb-a5b5-4498-b228-644ec0595406 [omitted]
[info] 
[info] Firestore indexes allow you to perform complex queries while
[info] maintaining performance that scales with the size of the result
[info] set. You can keep index definitions in your project directory
[info] and publish them with firebase deploy.
[info] 
[debug] [2025-04-27T10:10:54.285Z] No OAuth tokens found
[debug] [2025-04-27T10:10:54.293Z] No OAuth tokens found
[debug] [2025-04-27T10:10:54.293Z] > command requires scopes: ["email","openid","https://www.googleapis.com/auth/cloudplatformprojects.readonly","https://www.googleapis.com/auth/firebase","https://www.googleapis.com/auth/cloud-platform"]
[debug] [2025-04-27T10:10:54.293Z] > authorizing via signed-in user (rajdeepsaha626@gmail.com)
[debug] [2025-04-27T10:10:54.294Z] No OAuth tokens found
[debug] [2025-04-27T10:10:54.294Z] No OAuth tokens found
[debug] [2025-04-27T10:10:54.295Z] > command requires scopes: ["email","openid","https://www.googleapis.com/auth/cloudplatformprojects.readonly","https://www.googleapis.com/auth/firebase","https://www.googleapis.com/auth/cloud-platform"]
[debug] [2025-04-27T10:10:54.295Z] > authorizing via signed-in user (rajdeepsaha626@gmail.com)
[debug] [2025-04-27T10:10:54.299Z] >>> [apiv2][query] GET https://firestore.googleapis.com/v1/projects/connectpro-p47uv/databases/(default)/collectionGroups/-/indexes [none]
[debug] [2025-04-27T10:10:54.306Z] >>> [apiv2][query] GET https://firestore.googleapis.com/v1/projects/connectpro-p47uv/databases/(default)/collectionGroups/-/fields?filter=indexConfig.usesAncestorConfig=false OR ttlConfig:* [none]
[debug] [2025-04-27T10:10:55.010Z] <<< [apiv2][status] GET https://firestore.googleapis.com/v1/projects/connectpro-p47uv/databases/(default)/collectionGroups/-/fields?filter=indexConfig.usesAncestorConfig=false OR ttlConfig:* 200
[debug] [2025-04-27T10:10:55.011Z] <<< [apiv2][body] GET https://firestore.googleapis.com/v1/projects/connectpro-p47uv/databases/(default)/collectionGroups/-/fields?filter=indexConfig.usesAncestorConfig=false OR ttlConfig:* {"fields":[{"name":"projects/connectpro-p47uv/databases/(default)/collectionGroups/__default__/fields/*","indexConfig":{"indexes":[{"queryScope":"COLLECTION","fields":[{"fieldPath":"*","order":"ASCENDING"}],"state":"READY"},{"queryScope":"COLLECTION","fields":[{"fieldPath":"*","order":"DESCENDING"}],"state":"READY"},{"queryScope":"COLLECTION","fields":[{"fieldPath":"*","arrayConfig":"CONTAINS"}],"state":"READY"}]}}]}
[debug] [2025-04-27T10:10:55.020Z] <<< [apiv2][status] GET https://firestore.googleapis.com/v1/projects/connectpro-p47uv/databases/(default)/collectionGroups/-/indexes 200
[debug] [2025-04-27T10:10:55.020Z] <<< [apiv2][body] GET https://firestore.googleapis.com/v1/projects/connectpro-p47uv/databases/(default)/collectionGroups/-/indexes {}
[info] 
=== Genkit Setup
[debug] [2025-04-27T10:11:04.326Z] > command requires scopes: ["email","openid","https://www.googleapis.com/auth/cloudplatformprojects.readonly","https://www.googleapis.com/auth/firebase","https://www.googleapis.com/auth/cloud-platform"]
[debug] [2025-04-27T10:11:04.330Z] > authorizing via signed-in user (rajdeepsaha626@gmail.com)
[debug] [2025-04-27T10:11:04.330Z] [iam] checking project connectpro-p47uv for permissions ["firebase.projects.get"]
[debug] [2025-04-27T10:11:04.334Z] No OAuth tokens found
[debug] [2025-04-27T10:11:04.334Z] No OAuth tokens found
[debug] [2025-04-27T10:11:04.335Z] > command requires scopes: ["email","openid","https://www.googleapis.com/auth/cloudplatformprojects.readonly","https://www.googleapis.com/auth/firebase","https://www.googleapis.com/auth/cloud-platform"]
[debug] [2025-04-27T10:11:04.336Z] > authorizing via signed-in user (rajdeepsaha626@gmail.com)
[debug] [2025-04-27T10:11:04.336Z] >>> [apiv2][query] POST https://cloudresourcemanager.googleapis.com/v1/projects/connectpro-p47uv:testIamPermissions [none]
[debug] [2025-04-27T10:11:04.336Z] >>> [apiv2][(partial)header] POST https://cloudresourcemanager.googleapis.com/v1/projects/connectpro-p47uv:testIamPermissions x-goog-quota-user=projects/connectpro-p47uv
[debug] [2025-04-27T10:11:04.336Z] >>> [apiv2][body] POST https://cloudresourcemanager.googleapis.com/v1/projects/connectpro-p47uv:testIamPermissions {"permissions":["firebase.projects.get"]}
[debug] [2025-04-27T10:11:04.521Z] <<< [apiv2][status] POST https://cloudresourcemanager.googleapis.com/v1/projects/connectpro-p47uv:testIamPermissions 200
[debug] [2025-04-27T10:11:04.524Z] <<< [apiv2][body] POST https://cloudresourcemanager.googleapis.com/v1/projects/connectpro-p47uv:testIamPermissions {"permissions":["firebase.projects.get"]}
[debug] [2025-04-27T10:11:04.524Z] No OAuth tokens found
[debug] [2025-04-27T10:11:04.527Z] No OAuth tokens found
[debug] [2025-04-27T10:11:04.527Z] > command requires scopes: ["email","openid","https://www.googleapis.com/auth/cloudplatformprojects.readonly","https://www.googleapis.com/auth/firebase","https://www.googleapis.com/auth/cloud-platform"]
[debug] [2025-04-27T10:11:04.527Z] > authorizing via signed-in user (rajdeepsaha626@gmail.com)
[debug] [2025-04-27T10:11:04.528Z] No OAuth tokens found
[debug] [2025-04-27T10:11:04.530Z] No OAuth tokens found
[debug] [2025-04-27T10:11:04.530Z] > command requires scopes: ["email","openid","https://www.googleapis.com/auth/cloudplatformprojects.readonly","https://www.googleapis.com/auth/firebase","https://www.googleapis.com/auth/cloud-platform"]
[debug] [2025-04-27T10:11:04.530Z] > authorizing via signed-in user (rajdeepsaha626@gmail.com)
[debug] [2025-04-27T10:11:04.531Z] >>> [apiv2][query] GET https://serviceusage.googleapis.com/v1/projects/connectpro-p47uv/services/cloudfunctions.googleapis.com [none]
[debug] [2025-04-27T10:11:04.531Z] >>> [apiv2][(partial)header] GET https://serviceusage.googleapis.com/v1/projects/connectpro-p47uv/services/cloudfunctions.googleapis.com x-goog-quota-user=projects/connectpro-p47uv
[debug] [2025-04-27T10:11:04.536Z] >>> [apiv2][query] GET https://serviceusage.googleapis.com/v1/projects/connectpro-p47uv/services/runtimeconfig.googleapis.com [none]
[debug] [2025-04-27T10:11:04.536Z] >>> [apiv2][(partial)header] GET https://serviceusage.googleapis.com/v1/projects/connectpro-p47uv/services/runtimeconfig.googleapis.com x-goog-quota-user=projects/connectpro-p47uv
[debug] [2025-04-27T10:11:05.647Z] <<< [apiv2][status] GET https://serviceusage.googleapis.com/v1/projects/connectpro-p47uv/services/runtimeconfig.googleapis.com 200
[debug] [2025-04-27T10:11:05.647Z] <<< [apiv2][body] GET https://serviceusage.googleapis.com/v1/projects/connectpro-p47uv/services/runtimeconfig.googleapis.com [omitted]
[debug] [2025-04-27T10:11:05.650Z] <<< [apiv2][status] GET https://serviceusage.googleapis.com/v1/projects/connectpro-p47uv/services/cloudfunctions.googleapis.com 200
[debug] [2025-04-27T10:11:05.650Z] <<< [apiv2][body] GET https://serviceusage.googleapis.com/v1/projects/connectpro-p47uv/services/cloudfunctions.googleapis.com [omitted]
[info] Let's create a new codebase for your functions.
[info] A directory corresponding to the codebase will be created in your project
[info] with sample code pre-configured.

[info] See https://firebase.google.com/docs/functions/organize-functions for
[info] more information on organizing your functions using codebases.

[info] Functions can be deployed with firebase deploy.

[info] i  functions/package.json is unchanged 
[info] i  functions/.eslintrc.js is unchanged 
[info] i  functions/tsconfig.json is unchanged 
[info] i  functions/tsconfig.dev.json is unchanged 
[info] i  functions/src/index.ts is unchanged 
[info] i  functions/.gitignore is unchanged 
[info] 
[info] i  genkit: Installing Genkit CLI version 1.7.0
 
[info] i  genkit: Installing NPM packages for genkit 
[info] ✔  genkit: Successfully installed NPM packages 
[info] i  genkit: Updating tsconfig.json 
[info] ✔  genkit: Successfully updated tsconfig.json 
[info] i  genkit: Updating package.json 
[info] ✔  genkit: Successfully updated package.json 
[info] i  genkit: Generating sample file 
[info] ✔  genkit: Successfully generated sample file (src/genkit-sample.ts) 
[info] 
[info] 
Login to Google Cloud using:
[info]     gcloud auth application-default login --project connectpro-p47uv

[info] Then start the Genkit developer experience by running:
[info]     cd functions && npm run genkit:start
[info] 
=== Functions Setup
[debug] [2025-04-27T10:13:27.907Z] > command requires scopes: ["email","openid","https://www.googleapis.com/auth/cloudplatformprojects.readonly","https://www.googleapis.com/auth/firebase","https://www.googleapis.com/auth/cloud-platform"]
[debug] [2025-04-27T10:13:27.907Z] > authorizing via signed-in user (rajdeepsaha626@gmail.com)
[debug] [2025-04-27T10:13:27.907Z] [iam] checking project connectpro-p47uv for permissions ["firebase.projects.get"]
[debug] [2025-04-27T10:13:27.908Z] No OAuth tokens found
[debug] [2025-04-27T10:13:27.913Z] No OAuth tokens found
[debug] [2025-04-27T10:13:27.913Z] > command requires scopes: ["email","openid","https://www.googleapis.com/auth/cloudplatformprojects.readonly","https://www.googleapis.com/auth/firebase","https://www.googleapis.com/auth/cloud-platform"]
[debug] [2025-04-27T10:13:27.913Z] > authorizing via signed-in user (rajdeepsaha626@gmail.com)
[debug] [2025-04-27T10:13:27.915Z] >>> [apiv2][query] POST https://cloudresourcemanager.googleapis.com/v1/projects/connectpro-p47uv:testIamPermissions [none]
[debug] [2025-04-27T10:13:27.915Z] >>> [apiv2][(partial)header] POST https://cloudresourcemanager.googleapis.com/v1/projects/connectpro-p47uv:testIamPermissions x-goog-quota-user=projects/connectpro-p47uv
[debug] [2025-04-27T10:13:27.915Z] >>> [apiv2][body] POST https://cloudresourcemanager.googleapis.com/v1/projects/connectpro-p47uv:testIamPermissions {"permissions":["firebase.projects.get"]}
[debug] [2025-04-27T10:13:28.725Z] <<< [apiv2][status] POST https://cloudresourcemanager.googleapis.com/v1/projects/connectpro-p47uv:testIamPermissions 200
[debug] [2025-04-27T10:13:28.725Z] <<< [apiv2][body] POST https://cloudresourcemanager.googleapis.com/v1/projects/connectpro-p47uv:testIamPermissions {"permissions":["firebase.projects.get"]}
[debug] [2025-04-27T10:13:28.728Z] No OAuth tokens found
[debug] [2025-04-27T10:13:28.728Z] No OAuth tokens found
[debug] [2025-04-27T10:13:28.728Z] > command requires scopes: ["email","openid","https://www.googleapis.com/auth/cloudplatformprojects.readonly","https://www.googleapis.com/auth/firebase","https://www.googleapis.com/auth/cloud-platform"]
[debug] [2025-04-27T10:13:28.729Z] > authorizing via signed-in user (rajdeepsaha626@gmail.com)
[debug] [2025-04-27T10:13:28.735Z] No OAuth tokens found
[debug] [2025-04-27T10:13:28.735Z] No OAuth tokens found
[debug] [2025-04-27T10:13:28.736Z] > command requires scopes: ["email","openid","https://www.googleapis.com/auth/cloudplatformprojects.readonly","https://www.googleapis.com/auth/firebase","https://www.googleapis.com/auth/cloud-platform"]
[debug] [2025-04-27T10:13:28.736Z] > authorizing via signed-in user (rajdeepsaha626@gmail.com)
[debug] [2025-04-27T10:13:28.736Z] >>> [apiv2][query] GET https://serviceusage.googleapis.com/v1/projects/connectpro-p47uv/services/cloudfunctions.googleapis.com [none]
[debug] [2025-04-27T10:13:28.736Z] >>> [apiv2][(partial)header] GET https://serviceusage.googleapis.com/v1/projects/connectpro-p47uv/services/cloudfunctions.googleapis.com x-goog-quota-user=projects/connectpro-p47uv
[debug] [2025-04-27T10:13:28.749Z] >>> [apiv2][query] GET https://serviceusage.googleapis.com/v1/projects/connectpro-p47uv/services/runtimeconfig.googleapis.com [none]
[debug] [2025-04-27T10:13:28.750Z] >>> [apiv2][(partial)header] GET https://serviceusage.googleapis.com/v1/projects/connectpro-p47uv/services/runtimeconfig.googleapis.com x-goog-quota-user=projects/connectpro-p47uv
[debug] [2025-04-27T10:13:29.843Z] <<< [apiv2][status] GET https://serviceusage.googleapis.com/v1/projects/connectpro-p47uv/services/cloudfunctions.googleapis.com 200
[debug] [2025-04-27T10:13:29.843Z] <<< [apiv2][body] GET https://serviceusage.googleapis.com/v1/projects/connectpro-p47uv/services/cloudfunctions.googleapis.com [omitted]
[debug] [2025-04-27T10:13:29.897Z] <<< [apiv2][status] GET https://serviceusage.googleapis.com/v1/projects/connectpro-p47uv/services/runtimeconfig.googleapis.com 200
[debug] [2025-04-27T10:13:29.899Z] <<< [apiv2][body] GET https://serviceusage.googleapis.com/v1/projects/connectpro-p47uv/services/runtimeconfig.googleapis.com [omitted]
[info] 
Detected existing codebase(s): default

[info] 
Overwriting codebase default...

[info] ✔  Wrote functions/package.json 
[info] i  functions/.eslintrc.js is unchanged 
[info] ✔  Wrote functions/tsconfig.json 
[info] i  functions/tsconfig.dev.json is unchanged 
[info] i  functions/src/index.ts is unchanged 
[info] i  functions/.gitignore is unchanged 
[info] 
=== Apphosting Setup
[debug] [2025-04-27T10:14:02.301Z] No OAuth tokens found
[debug] [2025-04-27T10:14:02.301Z] No OAuth tokens found
[debug] [2025-04-27T10:14:02.302Z] > command requires scopes: ["email","openid","https://www.googleapis.com/auth/cloudplatformprojects.readonly","https://www.googleapis.com/auth/firebase","https://www.googleapis.com/auth/cloud-platform"]
[debug] [2025-04-27T10:14:02.302Z] > authorizing via signed-in user (rajdeepsaha626@gmail.com)
[debug] [2025-04-27T10:14:02.303Z] >>> [apiv2][query] GET https://cloudbilling.googleapis.com/v1/projects/connectpro-p47uv/billingInfo [none]
[debug] [2025-04-27T10:14:02.595Z] <<< [apiv2][status] GET https://cloudbilling.googleapis.com/v1/projects/connectpro-p47uv/billingInfo 200
[debug] [2025-04-27T10:14:02.595Z] <<< [apiv2][body] GET https://cloudbilling.googleapis.com/v1/projects/connectpro-p47uv/billingInfo {"name":"projects/connectpro-p47uv/billingInfo","projectId":"connectpro-p47uv","billingAccountName":"","billingEnabled":false}
[info] i  Writing default settings to apphosting.yaml... 
[info] i  apphosting.yaml is unchanged 
[info] ✔  Create a new App Hosting backend with `firebase apphosting:backends:create` 
[info] 
=== Hosting Setup
[debug] [2025-04-27T10:14:02.623Z] No OAuth tokens found
[debug] [2025-04-27T10:14:02.624Z] No OAuth tokens found
[debug] [2025-04-27T10:14:02.624Z] > command requires scopes: ["email","openid","https://www.googleapis.com/auth/cloudplatformprojects.readonly","https://www.googleapis.com/auth/firebase","https://www.googleapis.com/auth/cloud-platform"]
[debug] [2025-04-27T10:14:02.624Z] > authorizing via signed-in user (rajdeepsaha626@gmail.com)
[debug] [2025-04-27T10:14:02.624Z] >>> [apiv2][query] GET https://firebase.googleapis.com/v1beta1/projects/connectpro-p47uv [none]
[debug] [2025-04-27T10:14:02.925Z] <<< [apiv2][status] GET https://firebase.googleapis.com/v1beta1/projects/connectpro-p47uv 200
[debug] [2025-04-27T10:14:02.928Z] <<< [apiv2][body] GET https://firebase.googleapis.com/v1beta1/projects/connectpro-p47uv {"projectId":"connectpro-p47uv","projectNumber":"817355298876","displayName":"ConnectPro","name":"projects/connectpro-p47uv","resources":{"hostingSite":"connectpro-p47uv","realtimeDatabaseInstance":"connectpro-p47uv-default-rtdb"},"state":"ACTIVE","etag":"1_82b7d6a2-d050-480a-b20b-3d56d32ace97"}
[info] 
[info] Your public directory is the folder (relative to your project directory) that
[info] will contain Hosting assets to be uploaded with firebase deploy. If you
[info] have a build process for your assets, use your build's output directory.
[info] 
[debug] [2025-04-27T10:14:17.899Z] >>> [apiv2][query] GET https://www.gstatic.com/firebasejs/releases.json [none]
[debug] [2025-04-27T10:14:17.943Z] <<< [apiv2][status] GET https://www.gstatic.com/firebasejs/releases.json 200
[debug] [2025-04-27T10:14:17.947Z] <<< [apiv2][body] GET https://www.gstatic.com/firebasejs/releases.json {"current":{"version":"11.6.1","browserURL":"https://www.gstatic.com/firebasejs/11.6.1/firebase.js","packageURL":"https://www.gstatic.com/firebasejs/11.6.1/firebase.tgz"},"live":{"version":"11.6","browserURL":"https://www.gstatic.com/firebasejs/live/11.6/firebase.js","packageURL":"https://www.gstatic.com/firebasejs/live/11.6/firebase.tgz"},"components":{"analytics":"https://www.gstatic.com/firebasejs/11.6.1/firebase-analytics.js","app":"https://www.gstatic.com/firebasejs/11.6.1/firebase-app.js","app-check":"https://www.gstatic.com/firebasejs/11.6.1/firebase-app-check.js","auth":"https://www.gstatic.com/firebasejs/11.6.1/firebase-auth.js","auth/cordova":"https://www.gstatic.com/firebasejs/11.6.1/firebase-auth/cordova.js","auth/web-extension":"https://www.gstatic.com/firebasejs/11.6.1/firebase-auth/web-extension.js","functions":"https://www.gstatic.com/firebasejs/11.6.1/firebase-functions.js","firestore":"https://www.gstatic.com/firebasejs/11.6.1/firebase-firestore.js","firestore/lite":"https://www.gstatic.com/firebasejs/11.6.1/firebase-firestore/lite.js","installations":"https://www.gstatic.com/firebasejs/11.6.1/firebase-installations.js","storage":"https://www.gstatic.com/firebasejs/11.6.1/firebase-storage.js","performance":"https://www.gstatic.com/firebasejs/11.6.1/firebase-performance.js","remote-config":"https://www.gstatic.com/firebasejs/11.6.1/firebase-remote-config.js","messaging":"https://www.gstatic.com/firebasejs/11.6.1/firebase-messaging.js","messaging/sw":"https://www.gstatic.com/firebasejs/11.6.1/firebase-messaging/sw.js","database":"https://www.gstatic.com/firebasejs/11.6.1/firebase-database.js","vertexai":"https://www.gstatic.com/firebasejs/11.6.1/firebase-vertexai.js","data-connect":"https://www.gstatic.com/firebasejs/11.6.1/firebase-data-connect.js","firestore.memory":"https://www.gstatic.com/firebasejs/11.6.1/firebase-firestore.memory.js"}}
[info] ✔  Wrote public/index.html 
[info] 
=== Storage Setup
[info] 
[info] Firebase Storage Security Rules allow you to define how and when to allow
[info] uploads and downloads. You can keep these rules in your project directory
[info] and publish them with firebase deploy.
[info] 
[info] ✔  Wrote storage.rules 
[info] 
=== Emulators Setup
[info] i  apphosting: Initializing Emulator {"metadata":{"emulator":{"name":"apphosting"},"message":"Initializing Emulator"}}
[info] i  firestore: downloading cloud-firestore-emulator-v1.19.8.jar... {"metadata":{"emulator":{"name":"firestore"},"message":"downloading cloud-firestore-emulator-v1.19.8.jar..."}}
[debug] [2025-04-27T10:15:46.526Z] >>> [apiv2][query] GET https://storage.googleapis.com/firebase-preview-drop/emulator/cloud-firestore-emulator-v1.19.8.jar 
[debug] [2025-04-27T10:15:46.724Z] <<< [apiv2][status] GET https://storage.googleapis.com/firebase-preview-drop/emulator/cloud-firestore-emulator-v1.19.8.jar 200
[debug] [2025-04-27T10:15:46.724Z] <<< [apiv2][body] GET https://storage.googleapis.com/firebase-preview-drop/emulator/cloud-firestore-emulator-v1.19.8.jar [stream]
[info] i  database: downloading firebase-database-emulator-v4.11.2.jar... {"metadata":{"emulator":{"name":"database"},"message":"downloading firebase-database-emulator-v4.11.2.jar..."}}
[debug] [2025-04-27T10:15:50.593Z] >>> [apiv2][query] GET https://storage.googleapis.com/firebase-preview-drop/emulator/firebase-database-emulator-v4.11.2.jar 
[debug] [2025-04-27T10:15:50.822Z] <<< [apiv2][status] GET https://storage.googleapis.com/firebase-preview-drop/emulator/firebase-database-emulator-v4.11.2.jar 200
[debug] [2025-04-27T10:15:50.822Z] <<< [apiv2][body] GET https://storage.googleapis.com/firebase-preview-drop/emulator/firebase-database-emulator-v4.11.2.jar [stream]
[info] i  pubsub: downloading pubsub-emulator-0.8.14.zip... {"metadata":{"emulator":{"name":"pubsub"},"message":"downloading pubsub-emulator-0.8.14.zip..."}}
[debug] [2025-04-27T10:15:53.540Z] >>> [apiv2][query] GET https://storage.googleapis.com/firebase-preview-drop/emulator/pubsub-emulator-0.8.14.zip 
[debug] [2025-04-27T10:15:53.757Z] <<< [apiv2][status] GET https://storage.googleapis.com/firebase-preview-drop/emulator/pubsub-emulator-0.8.14.zip 200
[debug] [2025-04-27T10:15:53.758Z] <<< [apiv2][body] GET https://storage.googleapis.com/firebase-preview-drop/emulator/pubsub-emulator-0.8.14.zip [stream]
[debug] [2025-04-27T10:15:58.105Z] Data is 66786933
[debug] [2025-04-27T10:15:58.108Z] [unzip] Entry: pubsub-emulator/ (compressed_size=2 bytes, uncompressed_size=0 bytes)
[debug] [2025-04-27T10:15:58.109Z] [unzip] Processing entry: pubsub-emulator/
[debug] [2025-04-27T10:15:58.109Z] [unzip] mkdir: /home/user/.cache/firebase/emulators/pubsub-emulator-0.8.14/pubsub-emulator/
[debug] [2025-04-27T10:15:58.119Z] [unzip] Entry: pubsub-emulator/lib/ (compressed_size=2 bytes, uncompressed_size=0 bytes)
[debug] [2025-04-27T10:15:58.119Z] [unzip] Processing entry: pubsub-emulator/lib/
[debug] [2025-04-27T10:15:58.119Z] [unzip] mkdir: /home/user/.cache/firebase/emulators/pubsub-emulator-0.8.14/pubsub-emulator/lib/
[debug] [2025-04-27T10:15:58.119Z] [unzip] Entry: pubsub-emulator/lib/cloud-pubsub-emulator-0.8.14-all.jar (compressed_size=66782880 bytes, uncompressed_size=71655096 bytes)
[debug] [2025-04-27T10:15:58.119Z] [unzip] Processing entry: pubsub-emulator/lib/cloud-pubsub-emulator-0.8.14-all.jar
[debug] [2025-04-27T10:15:58.119Z] [unzip] else mkdir: /home/user/.cache/firebase/emulators/pubsub-emulator-0.8.14/pubsub-emulator/lib
[debug] [2025-04-27T10:15:58.124Z] [unzip] deflating: /home/user/.cache/firebase/emulators/pubsub-emulator-0.8.14/pubsub-emulator/lib/cloud-pubsub-emulator-0.8.14-all.jar
[debug] [2025-04-27T10:16:00.389Z] [unzip] Entry: pubsub-emulator/bin/ (compressed_size=2 bytes, uncompressed_size=0 bytes)
[debug] [2025-04-27T10:16:00.393Z] [unzip] Processing entry: pubsub-emulator/bin/
[debug] [2025-04-27T10:16:00.393Z] [unzip] mkdir: /home/user/.cache/firebase/emulators/pubsub-emulator-0.8.14/pubsub-emulator/bin/
[debug] [2025-04-27T10:16:00.397Z] [unzip] Entry: pubsub-emulator/bin/cloud-pubsub-emulator.bat (compressed_size=889 bytes, uncompressed_size=2276 bytes)
[debug] [2025-04-27T10:16:00.397Z] [unzip] Processing entry: pubsub-emulator/bin/cloud-pubsub-emulator.bat
[debug] [2025-04-27T10:16:00.397Z] [unzip] else mkdir: /home/user/.cache/firebase/emulators/pubsub-emulator-0.8.14/pubsub-emulator/bin
[debug] [2025-04-27T10:16:00.402Z] [unzip] deflating: /home/user/.cache/firebase/emulators/pubsub-emulator-0.8.14/pubsub-emulator/bin/cloud-pubsub-emulator.bat
[debug] [2025-04-27T10:16:00.412Z] [unzip] Entry: pubsub-emulator/bin/cloud-pubsub-emulator (compressed_size=2284 bytes, uncompressed_size=5728 bytes)
[debug] [2025-04-27T10:16:00.412Z] [unzip] Processing entry: pubsub-emulator/bin/cloud-pubsub-emulator
[debug] [2025-04-27T10:16:00.412Z] [unzip] else mkdir: /home/user/.cache/firebase/emulators/pubsub-emulator-0.8.14/pubsub-emulator/bin
[debug] [2025-04-27T10:16:00.413Z] [unzip] deflating: /home/user/.cache/firebase/emulators/pubsub-emulator-0.8.14/pubsub-emulator/bin/cloud-pubsub-emulator
[info] i  storage: downloading cloud-storage-rules-runtime-v1.1.3.jar... {"metadata":{"emulator":{"name":"storage"},"message":"downloading cloud-storage-rules-runtime-v1.1.3.jar..."}}
[debug] [2025-04-27T10:16:00.436Z] >>> [apiv2][query] GET https://storage.googleapis.com/firebase-preview-drop/emulator/cloud-storage-rules-runtime-v1.1.3.jar 
[debug] [2025-04-27T10:16:00.658Z] <<< [apiv2][status] GET https://storage.googleapis.com/firebase-preview-drop/emulator/cloud-storage-rules-runtime-v1.1.3.jar 200
[debug] [2025-04-27T10:16:00.663Z] <<< [apiv2][body] GET https://storage.googleapis.com/firebase-preview-drop/emulator/cloud-storage-rules-runtime-v1.1.3.jar [stream]
[info] i  ui: downloading ui-v1.14.0.zip... {"metadata":{"emulator":{"name":"ui"},"message":"downloading ui-v1.14.0.zip..."}}
[debug] [2025-04-27T10:16:04.180Z] >>> [apiv2][query] GET https://storage.googleapis.com/firebase-preview-drop/emulator/ui-v1.14.0.zip 
[info] 
=== Remoteconfig Setup
[debug] [2025-04-27T10:16:04.437Z] <<< [apiv2][status] GET https://storage.googleapis.com/firebase-preview-drop/emulator/ui-v1.14.0.zip 200
[debug] [2025-04-27T10:16:04.437Z] <<< [apiv2][body] GET https://storage.googleapis.com/firebase-preview-drop/emulator/ui-v1.14.0.zip [stream]
[debug] [2025-04-27T10:16:05.418Z] Data is 3615311
[debug] [2025-04-27T10:16:05.419Z] [unzip] Entry: client/ (compressed_size=0 bytes, uncompressed_size=0 bytes)
[debug] [2025-04-27T10:16:05.419Z] [unzip] Processing entry: client/
[debug] [2025-04-27T10:16:05.419Z] [unzip] mkdir: /home/user/.cache/firebase/emulators/ui-v1.14.0/client/
[debug] [2025-04-27T10:16:05.426Z] [unzip] Entry: client/favicon-16x16.png (compressed_size=293 bytes, uncompressed_size=293 bytes)
[debug] [2025-04-27T10:16:05.426Z] [unzip] Processing entry: client/favicon-16x16.png
[debug] [2025-04-27T10:16:05.426Z] [unzip] else mkdir: /home/user/.cache/firebase/emulators/ui-v1.14.0/client
[debug] [2025-04-27T10:16:05.427Z] [unzip] Writing file: /home/user/.cache/firebase/emulators/ui-v1.14.0/client/favicon-16x16.png
[debug] [2025-04-27T10:16:05.431Z] [unzip] Entry: client/safari-pinned-tab.svg (compressed_size=1433 bytes, uncompressed_size=2611 bytes)
[debug] [2025-04-27T10:16:05.431Z] [unzip] Processing entry: client/safari-pinned-tab.svg
[debug] [2025-04-27T10:16:05.431Z] [unzip] else mkdir: /home/user/.cache/firebase/emulators/ui-v1.14.0/client
[debug] [2025-04-27T10:16:05.432Z] [unzip] deflating: /home/user/.cache/firebase/emulators/ui-v1.14.0/client/safari-pinned-tab.svg
[debug] [2025-04-27T10:16:05.438Z] [unzip] Entry: client/favicon.ico (compressed_size=2933 bytes, uncompressed_size=13294 bytes)
[debug] [2025-04-27T10:16:05.438Z] [unzip] Processing entry: client/favicon.ico
[debug] [2025-04-27T10:16:05.438Z] [unzip] else mkdir: /home/user/.cache/firebase/emulators/ui-v1.14.0/client
[debug] [2025-04-27T10:16:05.439Z] [unzip] deflating: /home/user/.cache/firebase/emulators/ui-v1.14.0/client/favicon.ico
[debug] [2025-04-27T10:16:05.443Z] [unzip] Entry: client/index.html (compressed_size=1363 bytes, uncompressed_size=3071 bytes)
[debug] [2025-04-27T10:16:05.443Z] [unzip] Processing entry: client/index.html
[debug] [2025-04-27T10:16:05.443Z] [unzip] else mkdir: /home/user/.cache/firebase/emulators/ui-v1.14.0/client
[debug] [2025-04-27T10:16:05.444Z] [unzip] deflating: /home/user/.cache/firebase/emulators/ui-v1.14.0/client/index.html
[debug] [2025-04-27T10:16:05.455Z] [unzip] Entry: client/android-chrome-192x192.png (compressed_size=2684 bytes, uncompressed_size=2684 bytes)
[debug] [2025-04-27T10:16:05.456Z] [unzip] Processing entry: client/android-chrome-192x192.png
[debug] [2025-04-27T10:16:05.456Z] [unzip] else mkdir: /home/user/.cache/firebase/emulators/ui-v1.14.0/client
[debug] [2025-04-27T10:16:05.462Z] [unzip] Writing file: /home/user/.cache/firebase/emulators/ui-v1.14.0/client/android-chrome-192x192.png
[debug] [2025-04-27T10:16:05.466Z] [unzip] Entry: client/apple-touch-icon.png (compressed_size=2123 bytes, uncompressed_size=2152 bytes)
[debug] [2025-04-27T10:16:05.466Z] [unzip] Processing entry: client/apple-touch-icon.png
[debug] [2025-04-27T10:16:05.466Z] [unzip] else mkdir: /home/user/.cache/firebase/emulators/ui-v1.14.0/client
[debug] [2025-04-27T10:16:05.467Z] [unzip] deflating: /home/user/.cache/firebase/emulators/ui-v1.14.0/client/apple-touch-icon.png
[debug] [2025-04-27T10:16:05.477Z] [unzip] Entry: client/android-chrome-512x512.png (compressed_size=5369 bytes, uncompressed_size=5411 bytes)
[debug] [2025-04-27T10:16:05.482Z] [unzip] Processing entry: client/android-chrome-512x512.png
[debug] [2025-04-27T10:16:05.482Z] [unzip] else mkdir: /home/user/.cache/firebase/emulators/ui-v1.14.0/client
[debug] [2025-04-27T10:16:05.483Z] [unzip] deflating: /home/user/.cache/firebase/emulators/ui-v1.14.0/client/android-chrome-512x512.png
[debug] [2025-04-27T10:16:05.491Z] [unzip] Entry: client/manifest.json (compressed_size=245 bytes, uncompressed_size=551 bytes)
[debug] [2025-04-27T10:16:05.491Z] [unzip] Processing entry: client/manifest.json
[debug] [2025-04-27T10:16:05.491Z] [unzip] else mkdir: /home/user/.cache/firebase/emulators/ui-v1.14.0/client
[debug] [2025-04-27T10:16:05.500Z] [unzip] deflating: /home/user/.cache/firebase/emulators/ui-v1.14.0/client/manifest.json
[debug] [2025-04-27T10:16:05.533Z] [unzip] Entry: client/robots.txt (compressed_size=26 bytes, uncompressed_size=26 bytes)
[debug] [2025-04-27T10:16:05.535Z] [unzip] Processing entry: client/robots.txt
[debug] [2025-04-27T10:16:05.536Z] [unzip] else mkdir: /home/user/.cache/firebase/emulators/ui-v1.14.0/client
[debug] [2025-04-27T10:16:05.568Z] [unzip] Writing file: /home/user/.cache/firebase/emulators/ui-v1.14.0/client/robots.txt
[debug] [2025-04-27T10:16:05.603Z] [unzip] Entry: client/mstile-150x150.png (compressed_size=2034 bytes, uncompressed_size=2034 bytes)
[debug] [2025-04-27T10:16:05.607Z] [unzip] Processing entry: client/mstile-150x150.png
[debug] [2025-04-27T10:16:05.607Z] [unzip] else mkdir: /home/user/.cache/firebase/emulators/ui-v1.14.0/client
[debug] [2025-04-27T10:16:05.631Z] [unzip] Writing file: /home/user/.cache/firebase/emulators/ui-v1.14.0/client/mstile-150x150.png
[debug] [2025-04-27T10:16:05.678Z] [unzip] Entry: client/assets/ (compressed_size=0 bytes, uncompressed_size=0 bytes)
[debug] [2025-04-27T10:16:05.678Z] [unzip] Processing entry: client/assets/
[debug] [2025-04-27T10:16:05.678Z] [unzip] mkdir: /home/user/.cache/firebase/emulators/ui-v1.14.0/client/assets/
[debug] [2025-04-27T10:16:05.687Z] [unzip] Entry: client/assets/index-ClZTY_JS.js.map (compressed_size=2328270 bytes, uncompressed_size=9947004 bytes)
[debug] [2025-04-27T10:16:05.687Z] [unzip] Processing entry: client/assets/index-ClZTY_JS.js.map
[debug] [2025-04-27T10:16:05.687Z] [unzip] else mkdir: /home/user/.cache/firebase/emulators/ui-v1.14.0/client/assets
[debug] [2025-04-27T10:16:05.690Z] [unzip] deflating: /home/user/.cache/firebase/emulators/ui-v1.14.0/client/assets/index-ClZTY_JS.js.map
[debug] [2025-04-27T10:16:05.892Z] [unzip] Entry: client/assets/index-ClZTY_JS.js (compressed_size=567195 bytes, uncompressed_size=2035940 bytes)
[debug] [2025-04-27T10:16:05.895Z] [unzip] Processing entry: client/assets/index-ClZTY_JS.js
[debug] [2025-04-27T10:16:05.895Z] [unzip] else mkdir: /home/user/.cache/firebase/emulators/ui-v1.14.0/client/assets
[debug] [2025-04-27T10:16:05.896Z] [unzip] deflating: /home/user/.cache/firebase/emulators/ui-v1.14.0/client/assets/index-ClZTY_JS.js
[debug] [2025-04-27T10:16:06.068Z] [unzip] Entry: client/assets/index-BdgySamB.css (compressed_size=35979 bytes, uncompressed_size=298654 bytes)
[debug] [2025-04-27T10:16:06.068Z] [unzip] Processing entry: client/assets/index-BdgySamB.css
[debug] [2025-04-27T10:16:06.068Z] [unzip] else mkdir: /home/user/.cache/firebase/emulators/ui-v1.14.0/client/assets
[debug] [2025-04-27T10:16:06.078Z] [unzip] deflating: /home/user/.cache/firebase/emulators/ui-v1.14.0/client/assets/index-BdgySamB.css
[debug] [2025-04-27T10:16:06.102Z] [unzip] Entry: client/assets/extensions/ (compressed_size=0 bytes, uncompressed_size=0 bytes)
[debug] [2025-04-27T10:16:06.102Z] [unzip] Processing entry: client/assets/extensions/
[debug] [2025-04-27T10:16:06.102Z] [unzip] mkdir: /home/user/.cache/firebase/emulators/ui-v1.14.0/client/assets/extensions/
[debug] [2025-04-27T10:16:06.108Z] [unzip] Entry: client/assets/extensions/default-extension.png (compressed_size=1646 bytes, uncompressed_size=1657 bytes)
[debug] [2025-04-27T10:16:06.108Z] [unzip] Processing entry: client/assets/extensions/default-extension.png
[debug] [2025-04-27T10:16:06.108Z] [unzip] else mkdir: /home/user/.cache/firebase/emulators/ui-v1.14.0/client/assets/extensions
[debug] [2025-04-27T10:16:06.109Z] [unzip] deflating: /home/user/.cache/firebase/emulators/ui-v1.14.0/client/assets/extensions/default-extension.png
[debug] [2025-04-27T10:16:06.111Z] [unzip] Entry: client/assets/img/ (compressed_size=0 bytes, uncompressed_size=0 bytes)
[debug] [2025-04-27T10:16:06.112Z] [unzip] Processing entry: client/assets/img/
[debug] [2025-04-27T10:16:06.112Z] [unzip] mkdir: /home/user/.cache/firebase/emulators/ui-v1.14.0/client/assets/img/
[debug] [2025-04-27T10:16:06.115Z] [unzip] Entry: client/assets/img/database.png (compressed_size=29449 bytes, uncompressed_size=29988 bytes)
[debug] [2025-04-27T10:16:06.115Z] [unzip] Processing entry: client/assets/img/database.png
[debug] [2025-04-27T10:16:06.115Z] [unzip] else mkdir: /home/user/.cache/firebase/emulators/ui-v1.14.0/client/assets/img
[debug] [2025-04-27T10:16:06.120Z] [unzip] deflating: /home/user/.cache/firebase/emulators/ui-v1.14.0/client/assets/img/database.png
[debug] [2025-04-27T10:16:06.130Z] [unzip] Entry: client/assets/provider-icons/ (compressed_size=0 bytes, uncompressed_size=0 bytes)
[debug] [2025-04-27T10:16:06.130Z] [unzip] Processing entry: client/assets/provider-icons/
[debug] [2025-04-27T10:16:06.130Z] [unzip] mkdir: /home/user/.cache/firebase/emulators/ui-v1.14.0/client/assets/provider-icons/
[debug] [2025-04-27T10:16:06.131Z] [unzip] Entry: client/assets/provider-icons/auth_service_saml.svg (compressed_size=575 bytes, uncompressed_size=1226 bytes)
[debug] [2025-04-27T10:16:06.131Z] [unzip] Processing entry: client/assets/provider-icons/auth_service_saml.svg
[debug] [2025-04-27T10:16:06.131Z] [unzip] else mkdir: /home/user/.cache/firebase/emulators/ui-v1.14.0/client/assets/provider-icons
[debug] [2025-04-27T10:16:06.132Z] [unzip] deflating: /home/user/.cache/firebase/emulators/ui-v1.14.0/client/assets/provider-icons/auth_service_saml.svg
[debug] [2025-04-27T10:16:06.142Z] [unzip] Entry: client/assets/provider-icons/auth_service_phone.svg (compressed_size=261 bytes, uncompressed_size=414 bytes)
[debug] [2025-04-27T10:16:06.142Z] [unzip] Processing entry: client/assets/provider-icons/auth_service_phone.svg
[debug] [2025-04-27T10:16:06.142Z] [unzip] else mkdir: /home/user/.cache/firebase/emulators/ui-v1.14.0/client/assets/provider-icons
[debug] [2025-04-27T10:16:06.144Z] [unzip] deflating: /home/user/.cache/firebase/emulators/ui-v1.14.0/client/assets/provider-icons/auth_service_phone.svg
[debug] [2025-04-27T10:16:06.155Z] [unzip] Entry: client/assets/provider-icons/auth_service_facebook.svg (compressed_size=289 bytes, uncompressed_size=457 bytes)
[debug] [2025-04-27T10:16:06.155Z] [unzip] Processing entry: client/assets/provider-icons/auth_service_facebook.svg
[debug] [2025-04-27T10:16:06.155Z] [unzip] else mkdir: /home/user/.cache/firebase/emulators/ui-v1.14.0/client/assets/provider-icons
[debug] [2025-04-27T10:16:06.157Z] [unzip] deflating: /home/user/.cache/firebase/emulators/ui-v1.14.0/client/assets/provider-icons/auth_service_facebook.svg
[debug] [2025-04-27T10:16:06.166Z] [unzip] Entry: client/assets/provider-icons/auth_service_game_center.svg (compressed_size=991 bytes, uncompressed_size=3921 bytes)
[debug] [2025-04-27T10:16:06.167Z] [unzip] Processing entry: client/assets/provider-icons/auth_service_game_center.svg
[debug] [2025-04-27T10:16:06.167Z] [unzip] else mkdir: /home/user/.cache/firebase/emulators/ui-v1.14.0/client/assets/provider-icons
[debug] [2025-04-27T10:16:06.177Z] [unzip] deflating: /home/user/.cache/firebase/emulators/ui-v1.14.0/client/assets/provider-icons/auth_service_game_center.svg
[debug] [2025-04-27T10:16:06.188Z] [unzip] Entry: client/assets/provider-icons/auth_service_apple.svg (compressed_size=230 bytes, uncompressed_size=334 bytes)
[debug] [2025-04-27T10:16:06.188Z] [unzip] Processing entry: client/assets/provider-icons/auth_service_apple.svg
[debug] [2025-04-27T10:16:06.188Z] [unzip] else mkdir: /home/user/.cache/firebase/emulators/ui-v1.14.0/client/assets/provider-icons
[debug] [2025-04-27T10:16:06.191Z] [unzip] deflating: /home/user/.cache/firebase/emulators/ui-v1.14.0/client/assets/provider-icons/auth_service_apple.svg
[debug] [2025-04-27T10:16:06.198Z] [unzip] Entry: client/assets/provider-icons/auth_service_github.svg (compressed_size=466 bytes, uncompressed_size=838 bytes)
[debug] [2025-04-27T10:16:06.198Z] [unzip] Processing entry: client/assets/provider-icons/auth_service_github.svg
[debug] [2025-04-27T10:16:06.198Z] [unzip] else mkdir: /home/user/.cache/firebase/emulators/ui-v1.14.0/client/assets/provider-icons
[debug] [2025-04-27T10:16:06.202Z] [unzip] deflating: /home/user/.cache/firebase/emulators/ui-v1.14.0/client/assets/provider-icons/auth_service_github.svg
[debug] [2025-04-27T10:16:06.207Z] [unzip] Entry: client/assets/provider-icons/auth_service_mslive.svg (compressed_size=203 bytes, uncompressed_size=378 bytes)
[debug] [2025-04-27T10:16:06.207Z] [unzip] Processing entry: client/assets/provider-icons/auth_service_mslive.svg
[debug] [2025-04-27T10:16:06.207Z] [unzip] else mkdir: /home/user/.cache/firebase/emulators/ui-v1.14.0/client/assets/provider-icons
[debug] [2025-04-27T10:16:06.209Z] [unzip] deflating: /home/user/.cache/firebase/emulators/ui-v1.14.0/client/assets/provider-icons/auth_service_mslive.svg
[debug] [2025-04-27T10:16:06.220Z] [unzip] Entry: client/assets/provider-icons/auth_service_yahoo.svg (compressed_size=577 bytes, uncompressed_size=1182 bytes)
[debug] [2025-04-27T10:16:06.220Z] [unzip] Processing entry: client/assets/provider-icons/auth_service_yahoo.svg
[debug] [2025-04-27T10:16:06.220Z] [unzip] else mkdir: /home/user/.cache/firebase/emulators/ui-v1.14.0/client/assets/provider-icons
[debug] [2025-04-27T10:16:06.226Z] [unzip] deflating: /home/user/.cache/firebase/emulators/ui-v1.14.0/client/assets/provider-icons/auth_service_yahoo.svg
[debug] [2025-04-27T10:16:06.233Z] [unzip] Entry: client/assets/provider-icons/auth_service_twitter.svg (compressed_size=444 bytes, uncompressed_size=751 bytes)
[debug] [2025-04-27T10:16:06.233Z] [unzip] Processing entry: client/assets/provider-icons/auth_service_twitter.svg
[debug] [2025-04-27T10:16:06.233Z] [unzip] else mkdir: /home/user/.cache/firebase/emulators/ui-v1.14.0/client/assets/provider-icons
[debug] [2025-04-27T10:16:06.235Z] [unzip] deflating: /home/user/.cache/firebase/emulators/ui-v1.14.0/client/assets/provider-icons/auth_service_twitter.svg
[debug] [2025-04-27T10:16:06.241Z] [unzip] Entry: client/assets/provider-icons/auth_service_play_games.svg (compressed_size=565 bytes, uncompressed_size=1173 bytes)
[debug] [2025-04-27T10:16:06.241Z] [unzip] Processing entry: client/assets/provider-icons/auth_service_play_games.svg
[debug] [2025-04-27T10:16:06.241Z] [unzip] else mkdir: /home/user/.cache/firebase/emulators/ui-v1.14.0/client/assets/provider-icons
[debug] [2025-04-27T10:16:06.243Z] [unzip] deflating: /home/user/.cache/firebase/emulators/ui-v1.14.0/client/assets/provider-icons/auth_service_play_games.svg
[debug] [2025-04-27T10:16:06.246Z] [unzip] Entry: client/assets/provider-icons/auth_service_email.svg (compressed_size=228 bytes, uncompressed_size=326 bytes)
[debug] [2025-04-27T10:16:06.247Z] [unzip] Processing entry: client/assets/provider-icons/auth_service_email.svg
[debug] [2025-04-27T10:16:06.247Z] [unzip] else mkdir: /home/user/.cache/firebase/emulators/ui-v1.14.0/client/assets/provider-icons
[debug] [2025-04-27T10:16:06.255Z] [unzip] deflating: /home/user/.cache/firebase/emulators/ui-v1.14.0/client/assets/provider-icons/auth_service_email.svg
[debug] [2025-04-27T10:16:06.262Z] [unzip] Entry: client/assets/provider-icons/auth_service_google.svg (compressed_size=409 bytes, uncompressed_size=720 bytes)
[debug] [2025-04-27T10:16:06.262Z] [unzip] Processing entry: client/assets/provider-icons/auth_service_google.svg
[debug] [2025-04-27T10:16:06.262Z] [unzip] else mkdir: /home/user/.cache/firebase/emulators/ui-v1.14.0/client/assets/provider-icons
[debug] [2025-04-27T10:16:06.263Z] [unzip] deflating: /home/user/.cache/firebase/emulators/ui-v1.14.0/client/assets/provider-icons/auth_service_google.svg
[debug] [2025-04-27T10:16:06.271Z] [unzip] Entry: client/assets/provider-icons/auth_service_oidc.svg (compressed_size=414 bytes, uncompressed_size=858 bytes)
[debug] [2025-04-27T10:16:06.271Z] [unzip] Processing entry: client/assets/provider-icons/auth_service_oidc.svg
[debug] [2025-04-27T10:16:06.271Z] [unzip] else mkdir: /home/user/.cache/firebase/emulators/ui-v1.14.0/client/assets/provider-icons
[debug] [2025-04-27T10:16:06.275Z] [unzip] deflating: /home/user/.cache/firebase/emulators/ui-v1.14.0/client/assets/provider-icons/auth_service_oidc.svg
[debug] [2025-04-27T10:16:06.278Z] [unzip] Entry: client/browserconfig.xml (compressed_size=491 bytes, uncompressed_size=822 bytes)
[debug] [2025-04-27T10:16:06.279Z] [unzip] Processing entry: client/browserconfig.xml
[debug] [2025-04-27T10:16:06.279Z] [unzip] else mkdir: /home/user/.cache/firebase/emulators/ui-v1.14.0/client
[debug] [2025-04-27T10:16:06.286Z] [unzip] deflating: /home/user/.cache/firebase/emulators/ui-v1.14.0/client/browserconfig.xml
[debug] [2025-04-27T10:16:06.289Z] [unzip] Entry: client/favicon-32x32.png (compressed_size=475 bytes, uncompressed_size=475 bytes)
[debug] [2025-04-27T10:16:06.289Z] [unzip] Processing entry: client/favicon-32x32.png
[debug] [2025-04-27T10:16:06.289Z] [unzip] else mkdir: /home/user/.cache/firebase/emulators/ui-v1.14.0/client
[debug] [2025-04-27T10:16:06.295Z] [unzip] Writing file: /home/user/.cache/firebase/emulators/ui-v1.14.0/client/favicon-32x32.png
[debug] [2025-04-27T10:16:06.296Z] [unzip] Entry: server/ (compressed_size=0 bytes, uncompressed_size=0 bytes)
[debug] [2025-04-27T10:16:06.296Z] [unzip] Processing entry: server/
[debug] [2025-04-27T10:16:06.296Z] [unzip] mkdir: /home/user/.cache/firebase/emulators/ui-v1.14.0/server/
[debug] [2025-04-27T10:16:06.297Z] [unzip] Entry: server/server.mjs.map (compressed_size=296496 bytes, uncompressed_size=1355667 bytes)
[debug] [2025-04-27T10:16:06.297Z] [unzip] Processing entry: server/server.mjs.map
[debug] [2025-04-27T10:16:06.297Z] [unzip] else mkdir: /home/user/.cache/firebase/emulators/ui-v1.14.0/server
[debug] [2025-04-27T10:16:06.299Z] [unzip] deflating: /home/user/.cache/firebase/emulators/ui-v1.14.0/server/server.mjs.map
[debug] [2025-04-27T10:16:06.334Z] [unzip] Entry: server/server.mjs (compressed_size=315701 bytes, uncompressed_size=1172682 bytes)
[debug] [2025-04-27T10:16:06.338Z] [unzip] Processing entry: server/server.mjs
[debug] [2025-04-27T10:16:06.338Z] [unzip] else mkdir: /home/user/.cache/firebase/emulators/ui-v1.14.0/server
[debug] [2025-04-27T10:16:06.338Z] [unzip] deflating: /home/user/.cache/firebase/emulators/ui-v1.14.0/server/server.mjs
[debug] [2025-04-27T10:16:06.367Z] [unzip] Entry: server/assets/ (compressed_size=0 bytes, uncompressed_size=0 bytes)
[debug] [2025-04-27T10:16:06.367Z] [unzip] Processing entry: server/assets/
[debug] [2025-04-27T10:16:06.367Z] [unzip] mkdir: /home/user/.cache/firebase/emulators/ui-v1.14.0/server/assets/
[debug] [2025-04-27T10:16:06.376Z] [unzip] Entry: server/assets/multipart-parser-DGCUZdXu.mjs.map (compressed_size=4791 bytes, uncompressed_size=17918 bytes)
[debug] [2025-04-27T10:16:06.376Z] [unzip] Processing entry: server/assets/multipart-parser-DGCUZdXu.mjs.map
[debug] [2025-04-27T10:16:06.376Z] [unzip] else mkdir: /home/user/.cache/firebase/emulators/ui-v1.14.0/server/assets
[debug] [2025-04-27T10:16:06.382Z] [unzip] deflating: /home/user/.cache/firebase/emulators/ui-v1.14.0/server/assets/multipart-parser-DGCUZdXu.mjs.map
[debug] [2025-04-27T10:16:06.388Z] [unzip] Entry: server/assets/multipart-parser-DGCUZdXu.mjs (compressed_size=2621 bytes, uncompressed_size=10390 bytes)
[debug] [2025-04-27T10:16:06.388Z] [unzip] Processing entry: server/assets/multipart-parser-DGCUZdXu.mjs
[debug] [2025-04-27T10:16:06.388Z] [unzip] else mkdir: /home/user/.cache/firebase/emulators/ui-v1.14.0/server/assets
[debug] [2025-04-27T10:16:06.391Z] [unzip] deflating: /home/user/.cache/firebase/emulators/ui-v1.14.0/server/assets/multipart-parser-DGCUZdXu.mjs
[info] 
=== Extensions Setup
[debug] [2025-04-27T10:19:40.013Z] > command requires scopes: ["email","openid","https://www.googleapis.com/auth/cloudplatformprojects.readonly","https://www.googleapis.com/auth/firebase","https://www.googleapis.com/auth/cloud-platform"]
[debug] [2025-04-27T10:19:40.013Z] > authorizing via signed-in user (rajdeepsaha626@gmail.com)
[debug] [2025-04-27T10:19:40.015Z] [iam] checking project connectpro-p47uv for permissions ["firebase.projects.get"]
[debug] [2025-04-27T10:19:40.016Z] No OAuth tokens found
[debug] [2025-04-27T10:19:40.016Z] No OAuth tokens found
[debug] [2025-04-27T10:19:40.016Z] > command requires scopes: ["email","openid","https://www.googleapis.com/auth/cloudplatformprojects.readonly","https://www.googleapis.com/auth/firebase","https://www.googleapis.com/auth/cloud-platform"]
[debug] [2025-04-27T10:19:40.016Z] > authorizing via signed-in user (rajdeepsaha626@gmail.com)
[debug] [2025-04-27T10:19:40.017Z] >>> [apiv2][query] POST https://cloudresourcemanager.googleapis.com/v1/projects/connectpro-p47uv:testIamPermissions [none]
[debug] [2025-04-27T10:19:40.017Z] >>> [apiv2][(partial)header] POST https://cloudresourcemanager.googleapis.com/v1/projects/connectpro-p47uv:testIamPermissions x-goog-quota-user=projects/connectpro-p47uv
[debug] [2025-04-27T10:19:40.017Z] >>> [apiv2][body] POST https://cloudresourcemanager.googleapis.com/v1/projects/connectpro-p47uv:testIamPermissions {"permissions":["firebase.projects.get"]}
[debug] [2025-04-27T10:19:40.783Z] <<< [apiv2][status] POST https://cloudresourcemanager.googleapis.com/v1/projects/connectpro-p47uv:testIamPermissions 200
[debug] [2025-04-27T10:19:40.783Z] <<< [apiv2][body] POST https://cloudresourcemanager.googleapis.com/v1/projects/connectpro-p47uv:testIamPermissions {"permissions":["firebase.projects.get"]}
[debug] [2025-04-27T10:19:40.784Z] No OAuth tokens found
[debug] [2025-04-27T10:19:40.784Z] No OAuth tokens found
[debug] [2025-04-27T10:19:40.784Z] > command requires scopes: ["email","openid","https://www.googleapis.com/auth/cloudplatformprojects.readonly","https://www.googleapis.com/auth/firebase","https://www.googleapis.com/auth/cloud-platform"]
[debug] [2025-04-27T10:19:40.784Z] > authorizing via signed-in user (rajdeepsaha626@gmail.com)
[debug] [2025-04-27T10:19:40.785Z] >>> [apiv2][query] GET https://serviceusage.googleapis.com/v1/projects/connectpro-p47uv/services/firebaseextensions.googleapis.com [none]
[debug] [2025-04-27T10:19:40.785Z] >>> [apiv2][(partial)header] GET https://serviceusage.googleapis.com/v1/projects/connectpro-p47uv/services/firebaseextensions.googleapis.com x-goog-quota-user=projects/connectpro-p47uv
[debug] [2025-04-27T10:19:41.795Z] <<< [apiv2][status] GET https://serviceusage.googleapis.com/v1/projects/connectpro-p47uv/services/firebaseextensions.googleapis.com 200
[debug] [2025-04-27T10:19:41.795Z] <<< [apiv2][body] GET https://serviceusage.googleapis.com/v1/projects/connectpro-p47uv/services/firebaseextensions.googleapis.com [omitted]
[debug] [2025-04-27T10:19:41.796Z] No OAuth tokens found
[debug] [2025-04-27T10:19:41.796Z] No OAuth tokens found
[debug] [2025-04-27T10:19:41.796Z] > command requires scopes: ["email","openid","https://www.googleapis.com/auth/cloudplatformprojects.readonly","https://www.googleapis.com/auth/firebase","https://www.googleapis.com/auth/cloud-platform"]
[debug] [2025-04-27T10:19:41.797Z] > authorizing via signed-in user (rajdeepsaha626@gmail.com)
[debug] [2025-04-27T10:19:41.797Z] >>> [apiv2][query] POST https://serviceusage.googleapis.com/v1/projects/connectpro-p47uv/services/firebaseextensions.googleapis.com:enable [none]
[debug] [2025-04-27T10:19:41.797Z] >>> [apiv2][(partial)header] POST https://serviceusage.googleapis.com/v1/projects/connectpro-p47uv/services/firebaseextensions.googleapis.com:enable x-goog-quota-user=projects/connectpro-p47uv
[debug] [2025-04-27T10:19:42.944Z] <<< [apiv2][status] POST https://serviceusage.googleapis.com/v1/projects/connectpro-p47uv/services/firebaseextensions.googleapis.com:enable 200
[debug] [2025-04-27T10:19:42.944Z] <<< [apiv2][body] POST https://serviceusage.googleapis.com/v1/projects/connectpro-p47uv/services/firebaseextensions.googleapis.com:enable [omitted]
[debug] [2025-04-27T10:19:52.948Z] No OAuth tokens found
[debug] [2025-04-27T10:19:52.949Z] No OAuth tokens found
[debug] [2025-04-27T10:19:52.949Z] > command requires scopes: ["email","openid","https://www.googleapis.com/auth/cloudplatformprojects.readonly","https://www.googleapis.com/auth/firebase","https://www.googleapis.com/auth/cloud-platform"]
[debug] [2025-04-27T10:19:52.949Z] > authorizing via signed-in user (rajdeepsaha626@gmail.com)
[debug] [2025-04-27T10:19:52.949Z] >>> [apiv2][query] GET https://serviceusage.googleapis.com/v1/projects/connectpro-p47uv/services/firebaseextensions.googleapis.com [none]
[debug] [2025-04-27T10:19:52.950Z] >>> [apiv2][(partial)header] GET https://serviceusage.googleapis.com/v1/projects/connectpro-p47uv/services/firebaseextensions.googleapis.com x-goog-quota-user=projects/connectpro-p47uv
[debug] [2025-04-27T10:19:54.010Z] <<< [apiv2][status] GET https://serviceusage.googleapis.com/v1/projects/connectpro-p47uv/services/firebaseextensions.googleapis.com 200
[debug] [2025-04-27T10:19:54.015Z] <<< [apiv2][body] GET https://serviceusage.googleapis.com/v1/projects/connectpro-p47uv/services/firebaseextensions.googleapis.com [omitted]
[info] 
=== Database Setup
[info] i  database: ensuring required API firebasedatabase.googleapis.com is enabled... 
[debug] [2025-04-27T10:19:54.047Z] No OAuth tokens found
[debug] [2025-04-27T10:19:54.047Z] No OAuth tokens found
[debug] [2025-04-27T10:19:54.047Z] > command requires scopes: ["email","openid","https://www.googleapis.com/auth/cloudplatformprojects.readonly","https://www.googleapis.com/auth/firebase","https://www.googleapis.com/auth/cloud-platform"]
[debug] [2025-04-27T10:19:54.047Z] > authorizing via signed-in user (rajdeepsaha626@gmail.com)
[debug] [2025-04-27T10:19:54.047Z] >>> [apiv2][query] GET https://serviceusage.googleapis.com/v1/projects/connectpro-p47uv/services/firebasedatabase.googleapis.com [none]
[debug] [2025-04-27T10:19:54.047Z] >>> [apiv2][(partial)header] GET https://serviceusage.googleapis.com/v1/projects/connectpro-p47uv/services/firebasedatabase.googleapis.com x-goog-quota-user=projects/connectpro-p47uv
[debug] [2025-04-27T10:19:55.039Z] <<< [apiv2][status] GET https://serviceusage.googleapis.com/v1/projects/connectpro-p47uv/services/firebasedatabase.googleapis.com 200
[debug] [2025-04-27T10:19:55.039Z] <<< [apiv2][body] GET https://serviceusage.googleapis.com/v1/projects/connectpro-p47uv/services/firebasedatabase.googleapis.com [omitted]
[info] ✔  database: required API firebasedatabase.googleapis.com is enabled 
[info] 
[debug] [2025-04-27T10:19:55.045Z] No OAuth tokens found
[debug] [2025-04-27T10:19:55.046Z] No OAuth tokens found
[debug] [2025-04-27T10:19:55.047Z] > command requires scopes: ["email","openid","https://www.googleapis.com/auth/cloudplatformprojects.readonly","https://www.googleapis.com/auth/firebase","https://www.googleapis.com/auth/cloud-platform"]
[debug] [2025-04-27T10:19:55.047Z] > authorizing via signed-in user (rajdeepsaha626@gmail.com)
[debug] [2025-04-27T10:19:55.047Z] >>> [apiv2][query] GET https://firebasedatabase.googleapis.com/v1beta/projects/connectpro-p47uv/locations/-/instances/connectpro-p47uv-default-rtdb [none]
[debug] [2025-04-27T10:19:56.015Z] <<< [apiv2][status] GET https://firebasedatabase.googleapis.com/v1beta/projects/connectpro-p47uv/locations/-/instances/connectpro-p47uv-default-rtdb 403
[debug] [2025-04-27T10:19:56.015Z] <<< [apiv2][body] GET https://firebasedatabase.googleapis.com/v1beta/projects/connectpro-p47uv/locations/-/instances/connectpro-p47uv-default-rtdb {"error":{"code":403,"message":"Firebase Realtime Database Management API has not been used in project 945553600981 before or it is disabled. Enable it by visiting https://console.developers.google.com/apis/api/firebasedatabase.googleapis.com/overview?project=945553600981 then retry. If you enabled this API recently, wait a few minutes for the action to propagate to our systems and retry.","status":"PERMISSION_DENIED","details":[{"@type":"type.googleapis.com/google.rpc.ErrorInfo","reason":"SERVICE_DISABLED","domain":"googleapis.com","metadata":{"consumer":"projects/945553600981","service":"firebasedatabase.googleapis.com","serviceTitle":"Firebase Realtime Database Management API","activationUrl":"https://console.developers.google.com/apis/api/firebasedatabase.googleapis.com/overview?project=945553600981","containerInfo":"945553600981"}},{"@type":"type.googleapis.com/google.rpc.LocalizedMessage","locale":"en-US","message":"Firebase Realtime Database Management API has not been used in project 945553600981 before or it is disabled. Enable it by visiting https://console.developers.google.com/apis/api/firebasedatabase.googleapis.com/overview?project=945553600981 then retry. If you enabled this API recently, wait a few minutes for the action to propagate to our systems and retry."},{"@type":"type.googleapis.com/google.rpc.Help","links":[{"description":"Google developers console API activation","url":"https://console.developers.google.com/apis/api/firebasedatabase.googleapis.com/overview?project=945553600981"}]}]}}
[debug] [2025-04-27T10:19:56.023Z] Request to https://firebasedatabase.googleapis.com/v1beta/projects/connectpro-p47uv/locations/-/instances/connectpro-p47uv-default-rtdb had HTTP Error: 403, Firebase Realtime Database Management API has not been used in project 945553600981 before or it is disabled. Enable it by visiting https://console.developers.google.com/apis/api/firebasedatabase.googleapis.com/overview?project=945553600981 then retry. If you enabled this API recently, wait a few minutes for the action to propagate to our systems and retry.
[debug] [2025-04-27T10:19:56.044Z] FirebaseError: Request to https://firebasedatabase.googleapis.com/v1beta/projects/connectpro-p47uv/locations/-/instances/connectpro-p47uv-default-rtdb had HTTP Error: 403, Firebase Realtime Database Management API has not been used in project 945553600981 before or it is disabled. Enable it by visiting https://console.developers.google.com/apis/api/firebasedatabase.googleapis.com/overview?project=945553600981 then retry. If you enabled this API recently, wait a few minutes for the action to propagate to our systems and retry.
    at responseToError (/home/user/.global_modules/lib/node_modules/firebase-tools/lib/responseToError.js:52:12)
    at RetryOperation._fn (/home/user/.global_modules/lib/node_modules/firebase-tools/lib/apiv2.js:312:77)
    at process.processTicksAndRejections (node:internal/process/task_queues:95:5)
[error] 
[error] Error: Failed to get instance details for instance: connectpro-p47uv-default-rtdb. See firebase-debug.log for more details.
